// Jest Snapshot v1, https://goo.gl/fbAQLP

exports[`<Heading /> #render should render component with { title: 'bar' } 1`] = `
<div>
  <h1>
    bar
  </h1>
  text
  <p>
    foobar
  </p>
  <button
    type="button"
  >
    btn
  </button>
</div>
`;

exports[`<Heading /> #render should render component with { title: undefined } 1`] = `
<div>
  <h1>
    foo
  </h1>
  text
  <p>
    foobar
  </p>
  <button
    type="button"
  >
    btn
  </button>
</div>
`;

exports[`<Heading /> #render should render component with default props 1`] = `
<div>
  <h1>
    foo
  </h1>
  text
  <p>
    foobar
  </p>
  <button
    type="button"
  >
    btn
  </button>
</div>
`;

exports[`<Heading /> #render should render component with title 1`] = `
<div>
  <h1>
    bar
  </h1>
  text
  <p>
    foobar
  </p>
  <button
    type="button"
  >
    btn
  </button>
</div>
`;
